// Jest Snapshot v1, https://goo.gl/fbAQLP

exports[`CreateAudit renders correctly 1`] = `
<div>
  <div
    class="sc-htpNat dgtpPg"
  >
    <img
      alt="Arlo, by VotingWorks"
      height="50px"
      src="/arlo.png"
    />
    <button
      class="bp3-button bp3-fill bp3-large bp3-intent-primary sc-bwzfXH iEhHA sc-bdVaJa gLVjYw"
      type="button"
    >
      <span
        class="bp3-button-text"
      >
        Create a New Audit
      </span>
    </button>
    <div>
      <label
        class="bp3-label"
      >
        Select an existing audit:
      </label>
    </div>
    <a
      class="bp3-button bp3-intent-primary"
      href="/election/"
    >
      View Audit
    </a>
  </div>
</div>
`;
